// Jest Snapshot v1, https://goo.gl/fbAQLP

exports[`App page É uma página do vue 1`] = `
<div>
  <menu-stub></menu-stub>
  <creditrequests-stub></creditrequests-stub>
</div>
`;
