// Jest Snapshot v1, https://goo.gl/fbAQLP

exports[`App page É uma página do vue 1`] = `
<div>
  <carousel-stub></carousel-stub>
  <formrequestcard-stub></formrequestcard-stub>
</div>
`;
